// Jest Snapshot v1, https://goo.gl/fbAQLP

exports[`card should match snapshot of people 1`] = `ShallowWrapper {}`;

exports[`card should match snapshot of planets 1`] = `ShallowWrapper {}`;

exports[`card should match snapshot of vehicles 1`] = `ShallowWrapper {}`;
