// Jest Snapshot v1, https://goo.gl/fbAQLP

exports[`header should match snapshot 1`] = `ShallowWrapper {}`;
